[0.007s][info][gc,init] CardTable entry size: 512
[0.007s][info][gc     ] Using Serial
[0.007s][info][gc,init] Version: 21.0.7+8-LTS-245 (release)
[0.007s][info][gc,init] CPUs: 8 total, 8 available
[0.007s][info][gc,init] Memory: 8192M
[0.007s][info][gc,init] Large Page Support: Disabled
[0.007s][info][gc,init] NUMA Support: Disabled
[0.007s][info][gc,init] Compressed Oops: Enabled (Zero based)
[0.007s][info][gc,init] Heap Min Capacity: 256M
[0.007s][info][gc,init] Heap Initial Capacity: 256M
[0.007s][info][gc,init] Heap Max Capacity: 512M
[0.007s][info][gc,init] Pre-touch: Disabled
[0.013s][info][gc,metaspace] CDS archive(s) mapped at: [0x000000b800000000-0x000000b800ca8000-0x000000b800ca8000), size 13271040, SharedBaseAddress: 0x000000b800000000, ArchiveRelocationMode: 1.
[0.013s][info][gc,metaspace] Compressed class space mapped at: 0x000000b801000000-0x000000b841000000, reserved size: 1073741824
[0.013s][info][gc,metaspace] Narrow klass base: 0x000000b800000000, Narrow klass shift: 0, Narrow klass range: 0x100000000
[0.041s][info][gc,heap,exit] Heap
[0.041s][info][gc,heap,exit]  def new generation   total 78656K, used 5596K [0x00000007e0000000, 0x00000007e5550000, 0x00000007eaaa0000)
[0.041s][info][gc,heap,exit]   eden space 69952K,   8% used [0x00000007e0000000, 0x00000007e05770e0, 0x00000007e4450000)
[0.041s][info][gc,heap,exit]   from space 8704K,   0% used [0x00000007e4450000, 0x00000007e4450000, 0x00000007e4cd0000)
[0.041s][info][gc,heap,exit]   to   space 8704K,   0% used [0x00000007e4cd0000, 0x00000007e4cd0000, 0x00000007e5550000)
[0.041s][info][gc,heap,exit]  tenured generation   total 174784K, used 1067K [0x00000007eaaa0000, 0x00000007f5550000, 0x0000000800000000)
[0.041s][info][gc,heap,exit]    the space 174784K,   0% used [0x00000007eaaa0000, 0x00000007eabaacc0, 0x00000007eabaae00, 0x00000007f5550000)
[0.041s][info][gc,heap,exit]  Metaspace       used 524K, committed 704K, reserved 1114112K
[0.041s][info][gc,heap,exit]   class space    used 51K, committed 128K, reserved 1048576K
